[INFO] 2025-09-28 15:39:33,381 Logging to /nfs/roberts/project/pi_ac3458/vl298/Prompt-Perturbation/logs/pointwise_pipeline_20250928-153933_disable_prompt_perturbation-False_overwrite_ok-False_use_dummy_model-True.log
[INFO] 2025-09-28 15:39:33,381 Prompt perturbation enabled: True
[DEBUG] 2025-09-28 15:39:35,978 PyTorch version 2.4.0+cu121 available.
[INFO] 2025-09-28 15:39:36,378 Using model: dummy_api
[DEBUG] 2025-09-28 15:39:36,378 Evaluator target: <function pointwise_eval at 0x14d8e01cfc40>
[DEBUG] 2025-09-28 15:39:36,379 Signature: (model: ReIFE.base_llm.BaseLLM | ReIFE.base_llm.BaseVLLM, data: list[dict], output_dir: str, prompt_dir: str, batch_size: int, instruction_marker: str, output_marker: str, output_text_dir: str | None = None, temperature: float = 1.0, top_p: float = 1.0, n: int = 1, max_tokens: int = 512, logprobs: int | None = None, verbose: bool = False, **kwargs) -> None
[DEBUG] 2025-09-28 15:39:36,380 Docstring:
Perform pointwise evaluation.

Args:
    model: The model for evaluation.
    data: The data to evaluate.
    output_dir: The directory to save the evaluation output.
    prompt_dir: The directory containing the prompt data.
    batch_size: The batch size for evaluation.
    instruction_marker: The marker for the instruction.
    output_marker: The marker for the output.
    output_text_dir: The directory to save the output text.
    temperature: The temperature for sampling.
    top_p: The top-p value for sampling.
    n: The number of samples to generate.
    max_tokens: The maximum number of generated tokens for each sample.
    logprobs: The number of log probabilities to output.
    parse_fn: The function to parse the output.
    verbose: Whether to print verbose output.
    kwargs: Additional keyword arguments for the evaluation function.

Returns:
    None
[INFO] 2025-09-28 15:39:36,396 Loaded 240 llm_grader submissions across 6 questions
